
   ERROR  Command "test" is not defined. Did you mean one of these?  

  ⇂ make:test  
  ⇂ schedule:test  

